# Mapping from edict tag markers to attributes
#
# Copyright (C) 2002 Michael Koch (tensberg@gmx.net)
# $Id$
#
# Format:
# "attribute name" ATTRIBUTE_TYPE AttributeClass "att id (see attributes.properties.in)"
# a ~ in the attribute name is replaced by a space
# Case in the attribute name does not matter
# For every attribute id used in this file, the attribute definition must be present in
# attributes.properties.in

abbr    ABBREVIATION

adj     PART_OF_SPEECH  PartOfSpeech    adj #adjective (keiyoushi)
adj-na  PART_OF_SPEECH  PartOfSpeech    adj-na #adjectival nouns or quasi-adjectives (keiyodoshi)
adj-no  PART_OF_SPEECH  PartOfSpeech    adj-no #nouns which may take the genitive case particle "no"
adj-pn  PART_OF_SPEECH  PartOfSpeech    adj-pn #pre-noun adjectival (rentaishi)
adj-s   PART_OF_SPEECH  PartOfSpeech    adj-s #special adjective (e.g. ookii)
adj-t   PART_OF_SPEECH  PartOfSpeech    adj-t #"taru" adjective
adv     PART_OF_SPEECH  PartOfSpeech    adv #adverb (fukushi)
aux     PART_OF_SPEECH  PartOfSpeech    aux #auxiliary word or phrase
aux-v   PART_OF_SPEECH  PartOfSpeech    aux-v #auxiliary verb
conj    PART_OF_SPEECH  PartOfSpeech    conj #conjunction
int     PART_OF_SPEECH  PartOfSpeech    int #interjection (kandoushi)
n       PART_OF_SPEECH  PartOfSpeech    n #noun (common) (futsuumeishi)
n-adv   PART_OF_SPEECH  PartOfSpeech    n-adv #adverbial noun (fukushitekimeishi)
n-suf   PART_OF_SPEECH  PartOfSpeech    n-suf #noun, used as a suffix
n-t     PART_OF_SPEECH  PartOfSpeech    n-t #noun (temporal) (jisoumeishi)
neg     PART_OF_SPEECH  PartOfSpeech    neg #negative (in a negative sentence, or with negative verb)
neg-v   PART_OF_SPEECH  PartOfSpeech    neg-v #negative verb (when used with)
v1      PART_OF_SPEECH  PartOfSpeech    v1 #Ichidan verb
v5      PART_OF_SPEECH  PartOfSpeech    v5 #Godan verb (not completely classified)
v5aru   PART_OF_SPEECH  PartOfSpeech    v5aru #Godan verb - -aru special class
v5b     PART_OF_SPEECH  PartOfSpeech    v5b #Godan verb with `bu' ending
v5g     PART_OF_SPEECH  PartOfSpeech    v5g #Godan verb with `gu' ending
v5k     PART_OF_SPEECH  PartOfSpeech    v5k #Godan verb with `ku' ending
v5k-s   PART_OF_SPEECH  PartOfSpeech    v5k-s #Godan verb - Iku/Yuku special class
v5m     PART_OF_SPEECH  PartOfSpeech    v5m #Godan verb with `mu' ending
v5n     PART_OF_SPEECH  PartOfSpeech    v5n #Godan verb with `nu' ending
v5r     PART_OF_SPEECH  PartOfSpeech    v5r #Godan verb with `ru' ending
v5s     PART_OF_SPEECH  PartOfSpeech    v5s #Godan verb with `su' ending
v5t     PART_OF_SPEECH  PartOfSpeech    v5t #Godan verb with `tsu' ending
v5u     PART_OF_SPEECH  PartOfSpeech    v5u #Godan verb with `u' ending
v5uru   PART_OF_SPEECH  PartOfSpeech    v5uru #Godan verb - Uru old class verb (old form of Eru)
v5z     PART_OF_SPEECH  PartOfSpeech    v5z #Godan verb - -zuru special class (alternative form of -jiru verbs)
vi      PART_OF_SPEECH  PartOfSpeech    vi #intransitive verb
vk      PART_OF_SPEECH  PartOfSpeech    vk #Kuru verb - special class
vs      PART_OF_SPEECH  PartOfSpeech    vs #noun or participle which takes the aux. verb suru
vs-s    PART_OF_SPEECH  PartOfSpeech    vs-s #suru verb - special class
vt      PART_OF_SPEECH  PartOfSpeech    vt #transitive verb

X       USAGE           Usage           X #rude or X-rated term (not displayed in educational software)
arch    USAGE           Usage           arch #archaism
col     USAGE           Usage           col #colloquialism
fam     USAGE           Usage           fam #familiar language
fem     USAGE           Usage           fem #female term or language
hon     USAGE           Usage           hon #honorific or respectful (sonkeigo) language 
hum     USAGE           Usage           hum #humble (kenjougo) language
male    USAGE           Usage           male #male term or language
obs     USAGE           Usage           obs #obsolete term
obsc    USAGE           Usage           obsc #obscure term
pol     USAGE           Usage           pol #polite (teineigo) language
sl      USAGE           Usage           sl #slang
vulg    USAGE           Usage           vulg #vulgar expression or word

gram    CATEGORY        Category        gram #grammatical term
MA      CATEGORY        Category        budo #martial arts term
m-sl    CATEGORY        Category        m-sl #manga slang

#exp        Expressions (phrases, clauses, etc.)
#ek         exclusively kanji, rarely just in kana
#gikun      gikun (meaning) reading
#id         idiomatic expression 
#iK         word containing irregular kanji usage
#ik         word containing irregular kana usage
#io         irregular okurigana usage
#oK         word containing out-dated kanji 
#ok         out-dated or obsolete kana usage
#pref       prefix 
#qv         quod vide (see another entry)
#suf        suffix 
#uK         word usually written using kanji alone 
#uk         word usually written using kana alone 
